// Jest Snapshot v1, https://goo.gl/fbAQLP

exports[`<Filters/> render filters component 1`] = `
<div>
  <div
    class="filters-container"
  >
    <b>
      Filters :
    </b>
    <div
      class="filters-content"
    >
      <div
        class="labels"
      >
        <u>
          Launch Year
        </u>
      </div>
      <button
        class=""
        value="2006"
      >
        2006
      </button>
      <button
        class=""
        value="2007"
      >
        2007
      </button>
      <button
        class=""
        value="2008"
      >
        2008
      </button>
      <button
        class=""
        value="2009"
      >
        2009
      </button>
      <button
        class=""
        value="2010"
      >
        2010
      </button>
      <button
        class=""
        value="2011"
      >
        2011
      </button>
      <button
        class=""
        value="2012"
      >
        2012
      </button>
      <button
        class=""
        value="2013"
      >
        2013
      </button>
      <button
        class=""
        value="2014"
      >
        2014
      </button>
      <button
        class=""
        value="2015"
      >
        2015
      </button>
      <button
        class=""
        value="2016"
      >
        2016
      </button>
      <button
        class=""
        value="2017"
      >
        2017
      </button>
      <button
        class=""
        value="2018"
      >
        2018
      </button>
      <button
        class=""
        value="2019"
      >
        2019
      </button>
      <button
        class=""
        value="2020"
      >
        2020
      </button>
    </div>
    <div
      class="filters-content"
    >
      <div
        class="labels"
      >
        <u>
          Successful Launch
        </u>
      </div>
      <div>
        <button
          class=""
          value="true"
        >
          True
        </button>
        <button
          class=""
          value="false"
        >
          False
        </button>
      </div>
    </div>
    <div
      class="filters-content"
    >
      <div
        class="labels"
      >
        <u>
          Successful Landing
        </u>
      </div>
      <div>
        <button
          class=""
          value="true"
        >
          True
        </button>
        <button
          class=""
          value="false"
        >
          False
        </button>
      </div>
    </div>
  </div>
</div>
`;
